<html>
<body>
<pre>
<h1>µVision Build Log</h1>
<h2>Project:</h2>
C:\Users\pawan\Google Drive\MAD_ORL\August - December 2013\IIIT Gwalior Project\RELAY_TEST\RELAY.uvproj
Project File Date:  11/10/2013

<h2>Output:</h2>
Build target 'Target 1'
assembling Startup.s...
compiling RELAY.c...
RELAY.c(11): warning:  #1-D: last line of file ends without a newline
RELAY.c:   }
RELAY.c:    ^
RELAY.c: RELAY.c: 1 warning, 0 errors
linking...
Program Size: Code=764 RO-data=16 RW-data=0 ZI-data=1256  
FromELF: creating hex file...
"RELAY.axf" - 0 Error(s), 1 Warning(s).
Build target 'Target 1'
compiling RELAY.c...
linking...
Program Size: Code=764 RO-data=16 RW-data=0 ZI-data=1256  
FromELF: creating hex file...
"RELAY.axf" - 0 Error(s), 0 Warning(s).
Build target 'Target 1'
compiling RELAY.c...
linking...
Program Size: Code=804 RO-data=16 RW-data=0 ZI-data=1256  
FromELF: creating hex file...
"RELAY.axf" - 0 Error(s), 0 Warning(s).
